// Jest Snapshot v1, https://goo.gl/fbAQLP

exports[`LayoutHeaderMenu component should match snapshot 1`] = `
<div
  className="layout-header-menu"
>
  <div
    className={
      Object {
        "has": [Function],
        "is": [Function],
        "mix": [Function],
        "split": [Function],
        "state": [Function],
        "toString": [Function],
      }
    }
    onClick={[Function]}
    onTouchEnd={[Function]}
  >
    <pure(MenuIcon) />
  </div>
  <span
    className={
      Object {
        "has": [Function],
        "is": [Function],
        "mix": [Function],
        "split": [Function],
        "state": [Function],
        "toString": [Function],
      }
    }
  >
    Search for:
  </span>
  <ClickAwayListener
    mouseEvent="onClick"
    onClickAway={[Function]}
    touchEvent="onTouchEnd"
  >
    <div
      className={
        Object {
          "has": [Function],
          "is": [Function],
          "mix": [Function],
          "split": [Function],
          "state": [Function],
          "toString": [Function],
        }
      }
    >
      <Link
        className={
          Object {
            "has": [Function],
            "is": [Function],
            "mix": [Function],
            "split": [Function],
            "state": [Function],
            "toString": [Function],
          }
        }
        key="0"
        replace={false}
        to="/"
      >
        Title
      </Link>
      <Link
        className={
          Object {
            "has": [Function],
            "is": [Function],
            "mix": [Function],
            "split": [Function],
            "state": [Function],
            "toString": [Function],
          }
        }
        key="1"
        replace={false}
        to="/test"
      >
        Title2
      </Link>
    </div>
  </ClickAwayListener>
</div>
`;
