// Jest Snapshot v1, https://goo.gl/fbAQLP

exports[`UsersSearchForm component should match snapshot 1`] = `
<SearchForm
  initialValues={
    Object {
      "perPage": 30,
      "searchBy": "username-email",
      "searchString": "",
      "searchType": "both",
    }
  }
  isSearchRequesting={false}
  onSubmit={[Function]}
  renderSettings={[Function]}
  resetSearchResults={[MockFunction]}
  searchInputName="searchString"
/>
`;
