// Jest Snapshot v1, https://goo.gl/fbAQLP

exports[`(Shared) View (Component) GenericDateInput should match snapshot 1`] = `
<Jss(InputGroup)>
  <TextInput
    error={false}
    helperText={false}
    inputProps={
      Object {
        "pattern": undefined,
      }
    }
    onChange={[Function]}
    type="date"
  />
</Jss(InputGroup)>
`;
