// Jest Snapshot v1, https://goo.gl/fbAQLP

exports[`UsersSearchResults component should match snapshot 1`] = `
<div
  className="users-search-results"
>
  <UsersAvatarsWall
    onAvatarClick={[Function]}
    users={
      Array [
        Object {
          "avatarURL": "http://the-url.com",
          "htmlURL": "http://the-url.com",
          "id": 1,
          "username": "username",
        },
        Object {
          "avatarURL": "http://the-url.com",
          "htmlURL": "http://the-url.com",
          "id": 1,
          "username": "username",
        },
        Object {
          "avatarURL": "http://the-url.com",
          "htmlURL": "http://the-url.com",
          "id": 1,
          "username": "username",
        },
        Object {
          "avatarURL": "http://the-url.com",
          "htmlURL": "http://the-url.com",
          "id": 1,
          "username": "username",
        },
        Object {
          "avatarURL": "http://the-url.com",
          "htmlURL": "http://the-url.com",
          "id": 1,
          "username": "username",
        },
        Object {
          "avatarURL": "http://the-url.com",
          "htmlURL": "http://the-url.com",
          "id": 1,
          "username": "username",
        },
        Object {
          "avatarURL": "http://the-url.com",
          "htmlURL": "http://the-url.com",
          "id": 1,
          "username": "username",
        },
        Object {
          "avatarURL": "http://the-url.com",
          "htmlURL": "http://the-url.com",
          "id": 1,
          "username": "username",
        },
        Object {
          "avatarURL": "http://the-url.com",
          "htmlURL": "http://the-url.com",
          "id": 1,
          "username": "username",
        },
        Object {
          "avatarURL": "http://the-url.com",
          "htmlURL": "http://the-url.com",
          "id": 1,
          "username": "username",
        },
      ]
    }
  />
  <div
    className={
      Object {
        "has": [Function],
        "is": [Function],
        "mix": [Function],
        "split": [Function],
        "state": [Function],
        "toString": [Function],
      }
    }
  >
    <PaginationControls
      currentPage={1}
      onPageRequest={[Function]}
      totalPages={2}
    />
  </div>
</div>
`;
