// Jest Snapshot v1, https://goo.gl/fbAQLP

exports[`UserAttribute component should match snapshot 1`] = `
<a
  className="user-attribute"
  href="https://the.url"
  target="_blank"
>
  title
  <span
    className={
      Object {
        "has": [Function],
        "is": [Function],
        "mix": [Function],
        "split": [Function],
        "state": [Function],
        "toString": [Function],
      }
    }
  >
    11
  </span>
</a>
`;
