// Jest Snapshot v1, https://goo.gl/fbAQLP

exports[`RepositoriesSearchSettings component should match snapshot 1`] = `
<div
  className="repositories-search-settings"
>
  <div
    className={
      Object {
        "has": [Function],
        "is": [Function],
        "mix": [Function],
        "split": [Function],
        "state": [Function],
        "toString": [Function],
      }
    }
  >
    <div
      className={
        Object {
          "has": [Function],
          "is": [Function],
          "mix": [Function],
          "split": [Function],
          "state": [Function],
          "toString": [Function],
        }
      }
    >
      <FieldWithComponent(NumberInputField)
        label="Min stars"
        name="starsNumber"
      />
    </div>
    <div
      className={
        Object {
          "has": [Function],
          "is": [Function],
          "mix": [Function],
          "split": [Function],
          "state": [Function],
          "toString": [Function],
        }
      }
    >
      <FieldWithComponent(NumberInputField)
        label="Min forks"
        name="forksNumber"
      />
    </div>
  </div>
  <div
    className={
      Object {
        "has": [Function],
        "is": [Function],
        "mix": [Function],
        "split": [Function],
        "state": [Function],
        "toString": [Function],
      }
    }
  >
    <div
      className={
        Object {
          "has": [Function],
          "is": [Function],
          "mix": [Function],
          "split": [Function],
          "state": [Function],
          "toString": [Function],
        }
      }
    >
      <FieldWithComponent(TextInputField)
        label="Repositories language"
        name="language"
      />
    </div>
    <div
      className={
        Object {
          "has": [Function],
          "is": [Function],
          "mix": [Function],
          "split": [Function],
          "state": [Function],
          "toString": [Function],
        }
      }
    >
      <FieldWithComponent(TextInputField)
        label="Owner"
        name="owner"
      />
    </div>
  </div>
</div>
`;
