// Jest Snapshot v1, https://goo.gl/fbAQLP

exports[`UsersAvatarsWall component should match snapshot 1`] = `
<div
  className="users-avatars-wall"
>
  <ul
    className={
      Object {
        "has": [Function],
        "is": [Function],
        "mix": [Function],
        "split": [Function],
        "state": [Function],
        "toString": [Function],
      }
    }
  >
    <Preloader
      backgroundColor="#fff"
      isShown={false}
      size={100}
    />
    <li
      className={
        Object {
          "has": [Function],
          "is": [Function],
          "mix": [Function],
          "split": [Function],
          "state": [Function],
          "toString": [Function],
        }
      }
      key="1"
      onClick={[Function]}
    >
      <img
        className={
          Object {
            "has": [Function],
            "is": [Function],
            "mix": [Function],
            "split": [Function],
            "state": [Function],
            "toString": [Function],
          }
        }
        onLoad={[Function]}
        src="http://the-url.com&s=70"
      />
    </li>
    <li
      className={
        Object {
          "has": [Function],
          "is": [Function],
          "mix": [Function],
          "split": [Function],
          "state": [Function],
          "toString": [Function],
        }
      }
      key="1"
      onClick={[Function]}
    >
      <img
        className={
          Object {
            "has": [Function],
            "is": [Function],
            "mix": [Function],
            "split": [Function],
            "state": [Function],
            "toString": [Function],
          }
        }
        onLoad={[Function]}
        src="http://the-url.com&s=70"
      />
    </li>
    <li
      className={
        Object {
          "has": [Function],
          "is": [Function],
          "mix": [Function],
          "split": [Function],
          "state": [Function],
          "toString": [Function],
        }
      }
      key="1"
      onClick={[Function]}
    >
      <img
        className={
          Object {
            "has": [Function],
            "is": [Function],
            "mix": [Function],
            "split": [Function],
            "state": [Function],
            "toString": [Function],
          }
        }
        onLoad={[Function]}
        src="http://the-url.com&s=70"
      />
    </li>
    <li
      className={
        Object {
          "has": [Function],
          "is": [Function],
          "mix": [Function],
          "split": [Function],
          "state": [Function],
          "toString": [Function],
        }
      }
      key="1"
      onClick={[Function]}
    >
      <img
        className={
          Object {
            "has": [Function],
            "is": [Function],
            "mix": [Function],
            "split": [Function],
            "state": [Function],
            "toString": [Function],
          }
        }
        onLoad={[Function]}
        src="http://the-url.com&s=70"
      />
    </li>
    <li
      className={
        Object {
          "has": [Function],
          "is": [Function],
          "mix": [Function],
          "split": [Function],
          "state": [Function],
          "toString": [Function],
        }
      }
      key="1"
      onClick={[Function]}
    >
      <img
        className={
          Object {
            "has": [Function],
            "is": [Function],
            "mix": [Function],
            "split": [Function],
            "state": [Function],
            "toString": [Function],
          }
        }
        onLoad={[Function]}
        src="http://the-url.com&s=70"
      />
    </li>
    <li
      className={
        Object {
          "has": [Function],
          "is": [Function],
          "mix": [Function],
          "split": [Function],
          "state": [Function],
          "toString": [Function],
        }
      }
      key="1"
      onClick={[Function]}
    >
      <img
        className={
          Object {
            "has": [Function],
            "is": [Function],
            "mix": [Function],
            "split": [Function],
            "state": [Function],
            "toString": [Function],
          }
        }
        onLoad={[Function]}
        src="http://the-url.com&s=70"
      />
    </li>
    <li
      className={
        Object {
          "has": [Function],
          "is": [Function],
          "mix": [Function],
          "split": [Function],
          "state": [Function],
          "toString": [Function],
        }
      }
      key="1"
      onClick={[Function]}
    >
      <img
        className={
          Object {
            "has": [Function],
            "is": [Function],
            "mix": [Function],
            "split": [Function],
            "state": [Function],
            "toString": [Function],
          }
        }
        onLoad={[Function]}
        src="http://the-url.com&s=70"
      />
    </li>
    <li
      className={
        Object {
          "has": [Function],
          "is": [Function],
          "mix": [Function],
          "split": [Function],
          "state": [Function],
          "toString": [Function],
        }
      }
      key="1"
      onClick={[Function]}
    >
      <img
        className={
          Object {
            "has": [Function],
            "is": [Function],
            "mix": [Function],
            "split": [Function],
            "state": [Function],
            "toString": [Function],
          }
        }
        onLoad={[Function]}
        src="http://the-url.com&s=70"
      />
    </li>
    <li
      className={
        Object {
          "has": [Function],
          "is": [Function],
          "mix": [Function],
          "split": [Function],
          "state": [Function],
          "toString": [Function],
        }
      }
      key="1"
      onClick={[Function]}
    >
      <img
        className={
          Object {
            "has": [Function],
            "is": [Function],
            "mix": [Function],
            "split": [Function],
            "state": [Function],
            "toString": [Function],
          }
        }
        onLoad={[Function]}
        src="http://the-url.com&s=70"
      />
    </li>
    <li
      className={
        Object {
          "has": [Function],
          "is": [Function],
          "mix": [Function],
          "split": [Function],
          "state": [Function],
          "toString": [Function],
        }
      }
      key="1"
      onClick={[Function]}
    >
      <img
        className={
          Object {
            "has": [Function],
            "is": [Function],
            "mix": [Function],
            "split": [Function],
            "state": [Function],
            "toString": [Function],
          }
        }
        onLoad={[Function]}
        src="http://the-url.com&s=70"
      />
    </li>
  </ul>
</div>
`;
