// Jest Snapshot v1, https://goo.gl/fbAQLP

exports[`RepositoryAttribute component should match snapshot 1`] = `
<div
  className="repository-attribute"
>
  <span
    className={
      Object {
        "has": [Function],
        "is": [Function],
        "mix": [Function],
        "split": [Function],
        "state": [Function],
        "toString": [Function],
      }
    }
  >
    title
    :
  </span>
  <span
    className={
      Object {
        "has": [Function],
        "is": [Function],
        "mix": [Function],
        "split": [Function],
        "state": [Function],
        "toString": [Function],
      }
    }
    onClick={[MockFunction]}
  >
    value
  </span>
</div>
`;
