// Jest Snapshot v1, https://goo.gl/fbAQLP

exports[`ProfilePreview component should match snapshot 1`] = `
<div
  className="profile-preview"
>
  <div
    className={
      Object {
        "has": [Function],
        "is": [Function],
        "mix": [Function],
        "split": [Function],
        "state": [Function],
        "toString": [Function],
      }
    }
    onClick={[Function]}
  >
    <ProfileAvatar
      avatarURL="https://the-url.com"
      size="small"
    />
  </div>
  <WithStyles(Popover)
    anchorEl={null}
    anchorOrigin={
      Object {
        "horizontal": "left",
        "vertical": "bottom",
      }
    }
    onClose={[Function]}
    open={true}
  >
    <div
      className={
        Object {
          "has": [Function],
          "is": [Function],
          "mix": [Function],
          "split": [Function],
          "state": [Function],
          "toString": [Function],
        }
      }
    >
      <div
        className={
          Object {
            "has": [Function],
            "is": [Function],
            "mix": [Function],
            "split": [Function],
            "state": [Function],
            "toString": [Function],
          }
        }
      >
        <div
          className={
            Object {
              "has": [Function],
              "is": [Function],
              "mix": [Function],
              "split": [Function],
              "state": [Function],
              "toString": [Function],
            }
          }
        >
          Name name
        </div>
        <div
          className={
            Object {
              "has": [Function],
              "is": [Function],
              "mix": [Function],
              "split": [Function],
              "state": [Function],
              "toString": [Function],
            }
          }
        >
          <div
            className={
              Object {
                "has": [Function],
                "is": [Function],
                "mix": [Function],
                "split": [Function],
                "state": [Function],
                "toString": [Function],
              }
            }
          >
            Nickname
          </div>
          <div
            className={
              Object {
                "has": [Function],
                "is": [Function],
                "mix": [Function],
                "split": [Function],
                "state": [Function],
                "toString": [Function],
              }
            }
          >
            100
             y.o.
          </div>
        </div>
      </div>
      <div
        className={
          Object {
            "has": [Function],
            "is": [Function],
            "mix": [Function],
            "split": [Function],
            "state": [Function],
            "toString": [Function],
          }
        }
      >
        profile bio
      </div>
      <div
        className={
          Object {
            "has": [Function],
            "is": [Function],
            "mix": [Function],
            "split": [Function],
            "state": [Function],
            "toString": [Function],
          }
        }
        onClick={[MockFunction]}
      >
        Edit
      </div>
    </div>
  </WithStyles(Popover)>
</div>
`;
