// Jest Snapshot v1, https://goo.gl/fbAQLP

exports[`ProfileAvatar component should match snapshot 1`] = `
<div
  className={
    Object {
      "has": [Function],
      "is": [Function],
      "mix": [Function],
      "split": [Function],
      "state": [Function],
      "toString": [Function],
    }
  }
  style={
    Object {
      "backgroundImage": "url()",
    }
  }
/>
`;
